<html>
  <head>
    <title>Error 405</title>
  </head>
  <body>
    <h1>Error 405</h1>
    <p>Method Not Allowed</p>
  </body>
</html>
