<!DOCTYPE HTML PUBLIC "-//W3C//DTD HTML 4.01//EN" "http://www.w3.org/TR/html4/strict.dtd">
<html>
  <head>
    <title>Comment List</title>
  </head>
  <body>
<h1>Comment List</h1>
<ul>
<li>2015-01-01T08:00:00Z on <a href="/first">First Page</a></li>
<li>2015-01-01T10:31:00Z on <a href="/second">Second Page</a></li>
<li>2015-01-07T17:24:02Z on <a href="/first">First Page</a></li>
</ul>
    <div class="sidebar">
    </div>
    <div class="footer">
<p>Default footer: <a href="/index">return to index</a></p>
    </div>
  </body>
</html>
