<!DOCTYPE HTML PUBLIC "-//W3C//DTD HTML 4.01//EN" "http://www.w3.org/TR/html4/strict.dtd">
<html>
  <head>
    <title>Contact Page</title>
  </head>
  <body>
<h1>Contact Page</h1>
<p>No entry.</p>
    <div class="sidebar">
<h1>Side bar</h1>
    </div>
    <div class="footer">
<p>Default footer: <a href="/index">return to index</a></p>
    </div>
  </body>
</html>
