<!DOCTYPE HTML PUBLIC "-//W3C//DTD HTML 4.01//EN" "http://www.w3.org/TR/html4/strict.dtd">
<html>
  <head>
    <title>Multipage index</title>
  </head>
  <body>
<h1>Multipage index</h1>
<p>This is a dynamic multipage index.</p>
<h2>Part one</h2>
<h2>Part two</h2>
<h2>Subpage one</h2>
<h2>Subpage two</h2>
    <div class="sidebar">
<h1>Side bar</h1>
    </div>
    <div class="footer">
<p>Default footer: <a href="/index">return to index</a></p>
    </div>
  </body>
</html>
