<!DOCTYPE HTML PUBLIC "-//W3C//DTD HTML 4.01//EN" "http://www.w3.org/TR/html4/strict.dtd">
<html>
  <head>
    <title>Fifth Page</title>
  </head>
  <body>
<h1>Fifth Page</h1>
<p>Data in the fifth page.</p>
<h1>Comments</h1>
<ol>
<li><p>1. On March 3rd 2015 at 15:10, Administrator wrote:</p>
<blockquote>
&lt;p&gt;Administrator comments that bypasses default ignore&lt;/p&gt;</blockquote></li>
<li><p>2. On March 3rd 2015 at 15:12, <a href="http://users.example.com/admin/">Administrator</a> wrote:</p>
<blockquote>
<p>Administrator comment in <strong>raw</strong> HTML mode.</p></blockquote></li>
</ol>
<h1 id="newcomment">Post a Comment</h1>
<form class="mainform" method="post" action="/fifth/comments">
  <p><label>Name or nick:
    <input name="c_name" value="" type="text">
  </label></p>
  <p><label>E-mail address:
    <input name="c_mail" value="" type="text">
  </label></p>
  <p><label>Web site:
    <input name="c_site" value="" type="text">
  </label></p><!--
  <p><label>Very special field:
    <input name="address" value="http://" type="text">
  </label></p>-->
  <p><label>Comment text:
    <textarea name="c_text" cols="80" rows="10"></textarea>
  </label></p>
  <p class="buttons">
    <input value="Preview" name="preview" type="submit">
    <input value="Submit" name="submit" type="submit">
  </p>
</form>
    <div class="sidebar">
<h1>Side bar</h1>
<p>Tags:</p>
<p>Previous: <a href="/fourth">Fourth Page</a></p>
    </div>
    <div class="footer">
<p>Default footer: <a href="/index">return to index</a></p>
    </div>
  </body>
</html>
