<!DOCTYPE HTML PUBLIC "-//W3C//DTD HTML 4.01//EN" "http://www.w3.org/TR/html4/strict.dtd">
<html>
  <head>
    <title>First Page</title>
  </head>
  <body>
<h1>First Page</h1>
<p>Data in the first page.</p>
    <div class="footer">
<p>Default footer</p>
    </div>
  </body>
</html>
