<!DOCTYPE HTML PUBLIC "-//W3C//DTD HTML 4.01//EN" "http://www.w3.org/TR/html4/strict.dtd">
<html>
  <head>
    <title>Fourth Page</title>
  </head>
  <body>
<h1>Fourth Page</h1>
<p>Data in the fourth page.</p>
<h1>Timeless Comments</h1>
<ol>
</ol>
<h1>Preview</h1>
<ol>
<li><p>&lt;code&gt;nat&lt;/code&gt; wrote:</p>
<blockquote>
Preview comment that should not be written anywhere.</blockquote></li>
</ol>
<h1>Post a Comment</h1>
<form class="mainform" method="post" action="/fourth/comments">
  <p><label>Name or nick:
    <input name="c_name" value="&lt;code&gt;nat&lt;/code&gt;" type="text">
  </label></p>
  <p><label>E-mail address:
    <input name="c_mail" value="" type="text">
  </label></p>
  <p><label>Web site:
    <input name="c_site" value="http://instinctive.eu/&quot;" type="text">
  </label></p><!--
  <p><label>Very special field:
    <input name="address" value="http://" type="text">
  </label></p>-->
  <p><label>Comment text:
    <textarea name="c_text" cols="80" rows="10">Preview comment that should not be written anywhere.</textarea>
  </label></p>
  <p class="buttons">
    <input value="Preview" name="preview" type="submit">
    <input value="Submit" name="submit" type="submit">
  </p>
</form>
    <div class="sidebar">
<h1>Side bar</h1>
<p>Tags: <a href="/tags/topic3">Topic III</a></p>
<p>Previous: <a href="/third">Third Page</a></p>
    </div>
    <div class="footer">
<p>Default footer: <a href="/index">return to index</a></p>
    </div>
  </body>
</html>
