<!DOCTYPE HTML PUBLIC "-//W3C//DTD HTML 4.01//EN" "http://www.w3.org/TR/html4/strict.dtd">
<html>
  <head>
    <title>Index</title>
  </head>
  <body>
<h1>Index</h1>
<ul>
<li><a href="/first">First Page</a></li>
<li><a href="/second">Second Page</a></li>
<li><a href="/third">Third Page</a></li>
<li><a href="/fourth">Fourth Page</a></li>
<li><a href="/fifth">Fifth Page</a></li>
</ul>
    <div class="sidebar">
    </div>
    <div class="footer">
<p>Default footer: <a href="/index">return to index</a></p>
    </div>
  </body>
</html>
