<!DOCTYPE HTML PUBLIC "-//W3C//DTD HTML 4.01//EN" "http://www.w3.org/TR/html4/strict.dtd">
<html>
  <head>
    <title>List Test</title>
  </head>
  <body>
<h1>List Test</h1>
<p>Empty list:</p>
<p>Template list: topic1 other-subtopic subtopic topic2 topic3</p>
<p>Reverse: topic3 topic2 subtopic other-subtopic topic1</p>
<p>Beginning: topic1 other-subtopic â€¦</p>
<p>Reverse beginning:[ topic3 topic2]</p>
<p>Tight limit: topic1 other-subtopic subtopic topic2 topic3</p>
    <div class="sidebar">
    </div>
    <div class="footer">
<p>Default footer: <a href="/index">return to index</a></p>
    </div>
  </body>
</html>
