<html>
  <head>
    <title>Error 303</title>
  </head>
  <body>
    <h1>Error 303 - See Other</h1>
    <p>Please proceed to <a href="/multipage/subpage1">/multipage/subpage1</p>
  </body>
</html>
