<!DOCTYPE HTML PUBLIC "-//W3C//DTD HTML 4.01//EN" "http://www.w3.org/TR/html4/strict.dtd">
<html>
  <head>
    <title>Second Page</title>
  </head>
  <body>
<h1>Second Page</h1>
<p>Data in the second page.</p>
    <div class="sidebar">
<p>Tags: topic2 topic3</p>
    </div>
    <div class="footer">
<p>Special footer</p>
    </div>
  </body>
</html>
