<html>
  <head>
    <title>Error 301</title>
  </head>
  <body>
    <h1>Error 301 - Moved Permanently</h1>
    <p>/tags has moved to <a href="/tags/">/tags/</p>
  </body>
</html>
