<!DOCTYPE HTML PUBLIC "-//W3C//DTD HTML 4.01//EN" "http://www.w3.org/TR/html4/strict.dtd">
<html>
  <head>
    <title>Tag topic3</title>
  </head>
  <body>
<h1>Tag topic3</h1>
<p>Pages:</p>
<ul>
<li>Second Page</li>
<li>Third Page</li>
</ul>
    <div class="sidebar">
<ul>
<li>topic1</li>
<li>topic2</li>
<li style="current">topic3</li>
<ul>
    </div>
    <div class="footer">
<p>Default footer</p>
    </div>
  </body>
</html>
