<!DOCTYPE HTML PUBLIC "-//W3C//DTD HTML 4.01//EN" "http://www.w3.org/TR/html4/strict.dtd">
<html>
  <head>
    <title>Tag topic1</title>
  </head>
  <body>
<h1>Tag topic1</h1>
<p>Pages:</p>
<ul>
<li><a href="/first">First Page</a></li>
<li><a href="/third">Third Page</a></li>
</ul>
    <div class="sidebar">
<ul>
<li style="current">topic1 (2)</li>
<li><a href="/tags/topic2">topic2</a> (1)</li>
<li><a href="/tags/topic3">topic3</a> (3)</li>
<ul>
    </div>
    <div class="footer">
<p>Default footer: <a href="/index">return to index</a></p>
    </div>
  </body>
</html>
