<!DOCTYPE HTML PUBLIC "-//W3C//DTD HTML 4.01//EN" "http://www.w3.org/TR/html4/strict.dtd">
<html>
  <head>
    <title>All tags</title>
  </head>
  <body>
<h1>All tags</h1>
<h2>topic1</h2>
<ul>
<li>First Page<li>
<li>Third Page<li>
</ul>
<h2>topic2</h2>
<ul>
<li>Second Page<li>
</ul>
<h2>topic3</h2>
<ul>
<li>Second Page<li>
<li>Third Page<li>
</ul>
    <div class="sidebar">
<ul>
<li>Secondary subtopic of topic I</li>
<li>Subtopic of topic I</li>
<li>Topic II</li>
<li>Topic III</li>
</ul>
    </div>
    <div class="footer">
<p>Default footer</p>
    </div>
  </body>
</html>
