<!DOCTYPE HTML PUBLIC "-//W3C//DTD HTML 4.01//EN" "http://www.w3.org/TR/html4/strict.dtd">
<html>
  <head>
    <title>Tag topic2</title>
  </head>
  <body>
<h1>Tag topic2</h1>
<p>Pages:</p>
<ul>
<li><a href="/second">Second Page</a></li>
</ul>
    <div class="sidebar">
<ul>
<li><a href="/tags/topic1">topic1</a></li>
<li style="current">topic2</li>
<li><a href="/tags/topic3">topic3</a></li>
<ul>
    </div>
    <div class="footer">
<p>Default footer: <a href="/index">return to index</a></p>
    </div>
  </body>
</html>
