<!DOCTYPE HTML PUBLIC "-//W3C//DTD HTML 4.01//EN" "http://www.w3.org/TR/html4/strict.dtd">
<html>
  <head>
    <title>Third Page</title>
  </head>
  <body>
<h1>Third Page</h1>
<p>Secure data in the third page.</p>
<p>Current color is red, but broken blue is unchanged.</p>
<p>Validated on 2015-02-01T01:02:03+04:00</p>
<table>
  <tr>
    <th>Tag name</th>
    <th>Current</th>
    <th>Current leaf</th>
    <th>Current parent</th>
  </tr>
  <tr>
    <td>topic1</td>
    <td>Y</td>
    <td>N</td>
    <td>Y</td>
  </tr>
   <tr>
    <td>topic1/other-subtopic</td>
    <td>Y</td>
    <td>Y</td>
    <td>N</td>
  </tr>
   <tr>
    <td>topic1/subtopic</td>
    <td>N</td>
    <td>N</td>
    <td>N</td>
  </tr>
   <tr>
    <td>topic2</td>
    <td>N</td>
    <td>N</td>
    <td>N</td>
  </tr>
   <tr>
    <td>topic3</td>
    <td>Y</td>
    <td>Y</td>
    <td>N</td>
  </tr>
</table>
<p>Fragments: deep (1), deep/deeper (1), deep/deeper/bottom (2)</p>
    <div class="sidebar">
<h1>Side bar</h1>
<p>Tags: <a href="/tags/topic1">Secondary subtopic of topic I</a> <a href="/tags/topic3">Topic III</a></p>
<p>Current_Tag_List issue test: 1 2</p>
<p>2nd group</p>
<p>Previous: <a href="/second">Second Page</a></p>
<p>Next: <a href="/fourth">Fourth Page</a></p>
    </div>
    <div class="footer">
<p>Default footer: <a href="/index">return to index</a></p>
    </div>
  </body>
</html>
