<html>
  <head>
    <title>Error 404</title>
  </head>
  <body>
    <h1>Error 404 - Not Found</h1>
    <p>/unpublished was not found on this server</p>
  </body>
</html>
